LTspice 26.0.1 for Windows
Circuit: C:\Users\andrey.hiemer\Desktop\Pastas\Estudo\Balanca\Balanca2\Balanca2\Circuito\Projeto1.net
Start Time: Thu Jun 11 15:43:46 2026
solver = Normal
Maximum thread count: 8
tnom = 27
temp = 27
method = trap
Early termination of direct N-R iteration.
Direct Newton iteration failed to find operating point.
Starting Gmin stepping
Gmin stepping failed to find operating point. Use".option gminsteps=0" to skip all Gmin stepping.
Starting source stepping with srcstepmethod=0
Source stepping succeeded in finding the operating point.

Total elapsed time: 0.952 seconds.

Files loaded:
C:\Users\andrey.hiemer\Desktop\Pastas\Estudo\Balanca\Balanca2\Balanca2\Circuito\Projeto1.net
C:\Users\andrey.hiemer\AppData\Local\LTspice\lib\cmp\standard.bjt
C:\Users\andrey.hiemer\Desktop\Pastas\Estudo\Balanca\Balanca2\Balanca2\Circuito\LM311.lib
C:\Users\andrey.hiemer\AppData\Local\LTspice\lib\sub\LTC.lib

